
> react-tailwind-css-starter-pack@0.1.0 build
> react-scripts build

node.exe : (node:2768) [DEP0176] DeprecationWarning: fs.F_OK is deprecated, use fs.constants.F_OK instead
At line:1 char:1
+ & "C:\Program Files\nodejs/node.exe" "C:\Program Files\nodejs/node_mo ...
+ ~~~~~~~~~~~~~~~~~~~~~~~~~~~~~~~~~~~~~~~~~~~~~~~~~~~~~~~~~~~~~~~~~~~~~
    + CategoryInfo          : NotSpecified: ((node:2768) [DE...ts.F_OK instead:String) [], RemoteException
    + FullyQualifiedErrorId : NativeCommandError
 
(Use `node --trace-deprecation ...` to show where the warning was created)
Creating an optimized production build...
Browserslist: caniuse-lite is outdated. Please run:
  npx update-browserslist-db@latest
  Why you should do it regularly: https://github.com/browserslist/update-db#readme
Browserslist: caniuse-lite is outdated. Please run:
  npx update-browserslist-db@latest
  Why you should do it regularly: https://github.com/browserslist/update-db#readme

Treating warnings as errors because process.env.CI = true.
Most CI servers set it automatically.

Failed to compile.

[eslint] 
src\App.js
  Line 34:9:  'dispatch' is assigned a value but never used  no-unused-vars
  Line 35:9:  'navigate' is assigned a value but never used  no-unused-vars

src\Components\ContactUs\ContactUsForm.jsx
  Line 5:10:   'apiConnector' is defined but never used       no-unused-vars
  Line 6:10:   'contactusEndpoint' is defined but never used  no-unused-vars
  Line 26:13:  'res' is assigned a value but never used       no-unused-vars

src\Components\Core\Auth\PrivateRoute.jsx
  Line 1:17:  'Children' is defined but never used  no-unused-vars

src\Components\Core\Auth\Template.jsx
  Line 1:10:  'FcGoogle' is defined but never used  no-unused-vars

src\Components\Core\Catalog\CourseSlider.jsx
  Line 1:17:   'useEffect' is defined but never used                                             no-unused-vars
  Line 1:28:   'useState' is defined but never used                                              no-unused-vars
  Line 34:15:  Imported JSX component Course_Card must be in PascalCase or SCREAMING_SNAKE_CASE  react/jsx-pascal-case

src\Components\Core\Course\CourseAccordianBar.jsx
  Line 13:6:  React Hook useEffect has a missing dependency: 'course._id'. Either include it or remove the dependency array. If 'setActive' needs the current value of 'course._id', you can also switch to useReducer instead of useState and read 'course._id' in the reducer  react-hooks/exhaustive-deps

src\Components\Core\Course\CourseDetailsCard.jsx
  Line 28:10:  'courseId' is assigned a value but never used  no-unused-vars

src\Components\Core\Course\CourseSubSectionAccordion.jsx
  Line 1:17:  'useEffect' is defined but never used      no-unused-vars
  Line 1:28:  'useRef' is defined but never used         no-unused-vars
  Line 1:36:  'useState' is defined but never used       no-unused-vars
  Line 2:10:  'AiOutlineDown' is defined but never used  no-unused-vars

src\Components\Core\Dashboard\AddCourses\CourseBuilder\SubSectionModal.jsx
  Line 46:6:  React Hook useEffect has missing dependencies: 'edit', 'modalData.description', 'modalData.title', 'modalData.videoUrl', 'setValue', and 'view'. Either include them or remove the dependency array  react-hooks/exhaustive-deps

src\Components\Core\Dashboard\AddCourses\PublishCourse\PublishCourse.jsx
  Line 24:6:  React Hook useEffect has missing dependencies: 'course?.status' and 'setValue'. Either include them or remove the dependency array  react-hooks/exhaustive-deps

src\Components\Core\Dashboard\AddCourses\Upload.jsx
  Line 19:11:  'course' is assigned a value but never used  no-unused-vars

src\Components\Core\Dashboard\EditCourse\index.jsx
  Line 6:3:  'fetchCourseDetails' is defined but never used  no-unused-vars

src\Components\Core\Dashboard\EnrolledCourses.jsx
  Line 3:10:  'BiDotsVerticalRounded' is defined but never used                                                                      no-unused-vars
  Line 25:6:  React Hook useEffect has a missing dependency: 'getEnrolledCourses'. Either include it or remove the dependency array  react-hooks/exhaustive-deps

src\Components\Core\Dashboard\InstructorCourses\CourseTable.jsx
  Line 4:10:  'setCourse' is defined but never used          no-unused-vars
  Line 4:21:  'setEditCourse' is defined but never used      no-unused-vars
  Line 22:9:  'dispatch' is assigned a value but never used  no-unused-vars

src\Components\Core\Dashboard\SidebarLink.jsx
  Line 10:9:  'dispatch' is assigned a value but never used  no-unused-vars

src\Components\Core\InstructorDashboard\Instructor.jsx
  Line 36:7:  React Hook useEffect has a missing dependency: 'token'. Either include it or remove the dependency array  react-hooks/exhaustive-deps

src\Components\Core\ViewCourse\CourseReviewModal.jsx
  Line 25:6:  React Hook useEffect has a missing dependency: 'setValue'. Either include it or remove the dependency array  react-hooks/exhaustive-deps

src\Components\Core\ViewCourse\VideoDetails.jsx
  Line 45:6:  React Hook useEffect has missing dependencies: 'courseId', 'navigate', 'sectionId', 'subSectionId', and 'videoData'. Either include them or remove the dependency array  react-hooks/exhaustive-deps

src\Components\Core\ViewCourse\VideoDetailsSidebar.jsx
  Line 43:7:  React Hook useEffect has missing dependencies: 'sectionId' and 'subSectionId'. Either include them or remove the dependency array  react-hooks/exhaustive-deps

src\pages\Catalog.jsx
  Line 105:11:  Imported JSX component Course_Slider must be in PascalCase or SCREAMING_SNAKE_CASE  react/jsx-pascal-case
  Line 116:11:  Imported JSX component Course_Slider must be in PascalCase or SCREAMING_SNAKE_CASE  react/jsx-pascal-case
  Line 130:17:  Imported JSX component Course_Card must be in PascalCase or SCREAMING_SNAKE_CASE    react/jsx-pascal-case

src\pages\CourseDetails.jsx
  Line 90:10:  'course_id' is assigned a value but never used  no-unused-vars

src\services\operations\courseDetailsAPI.js
  Line 3:10:  'updateCompletedLectures' is defined but never used  no-unused-vars


